> Task :compileJava NO-SOURCE
> Task :processResources NO-SOURCE
> Task :classes UP-TO-DATE
> Task :jar UP-TO-DATE
> Task :assemble UP-TO-DATE
> Task :spotlessCheck UP-TO-DATE
> Task :check
> Task :build
> Task :domain:compileJava UP-TO-DATE
> Task :domain:processResources NO-SOURCE
> Task :domain:classes UP-TO-DATE
> Task :domain:jar UP-TO-DATE
> Task :application:compileJava UP-TO-DATE
> Task :application:processResources NO-SOURCE
> Task :application:classes UP-TO-DATE
> Task :application:jar UP-TO-DATE
> Task :application:assemble UP-TO-DATE
> Task :spotlessInternalRegisterDependencies UP-TO-DATE
> Task :application:spotlessJava UP-TO-DATE
> Task :application:spotlessJavaCheck UP-TO-DATE
> Task :application:spotlessCheck UP-TO-DATE
> Task :application:check
> Task :application:build
> Task :domain:assemble UP-TO-DATE
> Task :domain:spotlessJava UP-TO-DATE
> Task :domain:spotlessJavaCheck UP-TO-DATE
> Task :domain:spotlessCheck UP-TO-DATE
> Task :domain:check
> Task :domain:build
> Task :infraestructure:compileJava UP-TO-DATE
> Task :infraestructure:processResources UP-TO-DATE
> Task :infraestructure:classes UP-TO-DATE
> Task :infraestructure:resolveMainClassName UP-TO-DATE
> Task :infraestructure:bootJar UP-TO-DATE
> Task :infraestructure:jar UP-TO-DATE
> Task :infraestructure:assemble UP-TO-DATE
> Task :infraestructure:spotlessJava UP-TO-DATE
> Task :infraestructure:spotlessJavaCheck FAILED

[Incubating] Problems report is available at: file:///C:/p-projects/wedge-authorization-server/build/reports/problems/problems-report.html
./gradlew : 
En línea: 1 Carácter: 1
+ ./gradlew build -x test > build_output.txt 2>&1 ; cat 
build_output.tx ...
+ ~~~~~~~~~~~~~~~~~~~~~~~~~~~~~~~~~~~~~~~~~~~~~~~
    + CategoryInfo          : NotSpecified: (:String) [ 
   ], RemoteException
    + FullyQualifiedErrorId : NativeCommandError
 
FAILURE: Build failed with an exception.

* What went wrong:
Execution failed for task 
':infraestructure:spotlessJavaCheck'.
> The following files had format violations:
      src\main\java\com\kuneiform\infraestructure\config
\SecurityConfig.java
          @@ -76,7 +76,9 @@
           ┬À┬À┬À┬À┬À┬À┬À┬À┬À┬À┬À┬À┬À┬À┬À┬À┬À┬À┬À┬À.auth
orizationEndpoint(Customizer.withDefaults())
           ┬À┬À┬À┬À┬À┬À┬À┬À┬À┬À┬À┬À┬À┬À┬À┬À┬À┬À┬À┬À.toke
nEndpoint(Customizer.withDefaults())
           ┬À┬À┬À┬À┬À┬À┬À┬À┬À┬À┬À┬À┬À┬À┬À┬À┬À┬À┬À┬À.oidc
(Customizer.withDefaults()))
          -┬À┬À┬À┬À┬À┬À┬À┬À.addFilterAfter(new┬ÀRequestP
arameterLoggingFilter(),┬Àorg.springframework.security.w
eb.context.SecurityContextHolderFilter.class)
          +┬À┬À┬À┬À┬À┬À┬À┬À.addFilterAfter(
          +┬À┬À┬À┬À┬À┬À┬À┬À┬À┬À┬À┬Ànew┬ÀRequestParameter
LoggingFilter(),
          +┬À┬À┬À┬À┬À┬À┬À┬À┬À┬À┬À┬Àorg.springframework.s
ecurity.web.context.SecurityContextHolderFilter.class)
           ┬À┬À┬À┬À┬À┬À┬À┬À.exceptionHandling(
           ┬À┬À┬À┬À┬À┬À┬À┬À┬À┬À┬À┬Àexceptions┬À->
           ┬À┬À┬À┬À┬À┬À┬À┬À┬À┬À┬À┬À┬À┬À┬À┬Àexceptions.de
faultAuthenticationEntryPointFor(
  Run 'gradlew.bat spotlessApply' to fix all violations.

* Try:
> Run with --stacktrace option to get the stack trace.
> Run with --info or --debug option to get more log 
output.
> Run with --scan to generate a Build Scan (powered by 
Develocity).
> Get more help at https://help.gradle.org.

Deprecated Gradle features were used in this build, making it incompatible with Gradle 10.

You can use '--warning-mode all' to show the individual deprecation warnings and determine if they come from your own scripts or plugins.

For more on this, please refer to https://docs.gradle.org/9.2.0/userguide/command_line_interface.html#sec:command_line_warnings in the Gradle documentation.

BUILD FAILED in 2s
17 actionable tasks: 1 executed, 16 up-to-date
