To honour the JVM settings for this build a single-use Daemon process will be forked. For more on this, please refer to https://docs.gradle.org/9.2.0/userguide/gradle_daemon.html#sec:disabling_the_daemon in the Gradle documentation.
Daemon will be stopped at the end of the build 
> Task :domain:compileJava UP-TO-DATE
> Task :domain:processResources NO-SOURCE
> Task :domain:classes UP-TO-DATE
> Task :domain:jar UP-TO-DATE
> Task :application:compileJava UP-TO-DATE
> Task :application:processResources NO-SOURCE
> Task :application:classes UP-TO-DATE
> Task :application:jar UP-TO-DATE
> Task :infraestructure:compileJava UP-TO-DATE
> Task :infraestructure:processResources UP-TO-DATE
> Task :infraestructure:classes UP-TO-DATE
> Task :infraestructure:compileTestJava UP-TO-DATE
> Task :infraestructure:processTestResources NO-SOURCE
> Task :infraestructure:testClasses UP-TO-DATE

> Task :infraestructure:test

DatabaseClientRepositoryAdapterIT STANDARD_OUT
    15:42:27.556 [Test worker] INFO org.testcontainers.images.PullPolicy -- Image pull policy will be performed by: DefaultPullPolicy()
    15:42:27.570 [Test worker] INFO org.testcontainers.utility.ImageNameSubstitutor -- Image name substitution will be performed by: DefaultImageNameSubstitutor (composite of 'ConfigurationFileImageNameSubstitutor' and 'PrefixingImageNameSubstitutor')
    15:42:27.590 [Test worker] INFO org.testcontainers.DockerClientFactory -- Testcontainers version: 2.0.3
    15:42:28.214 [Test worker] INFO org.testcontainers.dockerclient.DockerClientProviderStrategy -- Loaded org.testcontainers.dockerclient.NpipeSocketClientProviderStrategy from ~/.testcontainers.properties, will try it first
    15:42:28.867 [Test worker] INFO org.testcontainers.dockerclient.DockerClientProviderStrategy -- Found Docker environment with local Npipe socket (npipe:////./pipe/docker_engine)
    15:42:28.870 [Test worker] INFO org.testcontainers.DockerClientFactory -- Docker host IP address is localhost
    15:42:28.900 [Test worker] INFO org.testcontainers.DockerClientFactory -- Connected to docker: 
      Server Version: 28.5.1
      API Version: 1.51
      Operating System: Docker Desktop
      Total Memory: 9794 MB
      Labels: 
        com.docker.desktop.address=npipe://\\.\pipe\docker_cli
    15:42:28.975 [Test worker] INFO tc.testcontainers/ryuk:0.13.0 -- Creating container for image: testcontainers/ryuk:0.13.0
    15:42:29.402 [Test worker] INFO tc.testcontainers/ryuk:0.13.0 -- Container testcontainers/ryuk:0.13.0 is starting: cacb3c0af94948d63d1d27dbd6573fc0c5e13c65508ee0ebe430c2330ae34a9f
    15:42:29.881 [Test worker] INFO tc.testcontainers/ryuk:0.13.0 -- Container testcontainers/ryuk:0.13.0 started in PT0.9060161S
    15:42:29.888 [Test worker] INFO org.testcontainers.utility.RyukResourceReaper -- Ryuk started - will monitor and terminate Testcontainers containers on JVM exit
    15:42:29.888 [Test worker] INFO org.testcontainers.DockerClientFactory -- Checking the system...
    15:42:29.889 [Test worker] INFO org.testcontainers.DockerClientFactory -- Ô£ö´©Ä Docker server version should be at least 1.6.0
    15:42:29.890 [Test worker] INFO tc.postgres:16-alpine -- Creating container for image: postgres:16-alpine
    15:42:29.950 [Test worker] INFO tc.postgres:16-alpine -- Container postgres:16-alpine is starting: 3fc66641c9faf48ccef8d3af789253e3460b0d6c13a9e6740c0c14dc97fd523a
    15:42:32.097 [Test worker] INFO tc.postgres:16-alpine -- Container postgres:16-alpine started in PT2.2075719S
    15:42:32.099 [Test worker] INFO tc.postgres:16-alpine -- Container is started (JDBC URL: jdbc:postgresql://localhost:56733/test_oauth_clients?loggerLevel=OFF)

      .   ____          _            __ _ _
     /\\ / ___'_ __ _ _(_)_ __  __ _ \ \ \ \
    ( ( )\___ | '_ | '_| | '_ \/ _` | \ \ \ \
     \\/  ___)| |_)| | | | | || (_| |  ) ) ) )
      '  |____| .__|_| |_|_| |_\__, | / / / /
     =========|_|==============|___/=/_/_/_/

     :: Spring Boot ::                (v4.0.1)

    2025-12-31T15:42:32.868-05:00  INFO 23800 --- [wedge-authorization-server] [    Test worker] .k.i.a.DatabaseClientRepositoryAdapterIT : Starting DatabaseClientRepositoryAdapterIT using Java 21.0.5 with PID 23800 (started by ASUS in C:\p-projects\wedge-authorization-server\infraestructure)
    2025-12-31T15:42:32.868-05:00 DEBUG 23800 --- [wedge-authorization-server] [    Test worker] .k.i.a.DatabaseClientRepositoryAdapterIT : Running with Spring Boot v4.0.1, Spring v7.0.2
    2025-12-31T15:42:32.869-05:00  INFO 23800 --- [wedge-authorization-server] [    Test worker] .k.i.a.DatabaseClientRepositoryAdapterIT : No active profile set, falling back to 1 default profile: "default"
    2025-12-31T15:42:34.207-05:00  INFO 23800 --- [wedge-authorization-server] [    Test worker] .s.d.r.c.RepositoryConfigurationDelegate : Multiple Spring Data modules found, entering strict repository configuration mode
    2025-12-31T15:42:34.209-05:00  INFO 23800 --- [wedge-authorization-server] [    Test worker] .s.d.r.c.RepositoryConfigurationDelegate : Bootstrapping Spring Data JDBC repositories in DEFAULT mode.
    2025-12-31T15:42:34.503-05:00  INFO 23800 --- [wedge-authorization-server] [    Test worker] .s.d.r.c.RepositoryConfigurationDelegate : Finished Spring Data repository scanning in 279 ms. Found 2 JDBC repository interfaces.
    2025-12-31T15:42:35.027-05:00  INFO 23800 --- [wedge-authorization-server] [    Test worker] .s.d.r.c.RepositoryConfigurationDelegate : Multiple Spring Data modules found, entering strict repository configuration mode
    2025-12-31T15:42:35.031-05:00  INFO 23800 --- [wedge-authorization-server] [    Test worker] .s.d.r.c.RepositoryConfigurationDelegate : Bootstrapping Spring Data Redis repositories in DEFAULT mode.
    2025-12-31T15:42:35.073-05:00  INFO 23800 --- [wedge-authorization-server] [    Test worker] .s.d.r.c.RepositoryConfigurationDelegate : Finished Spring Data repository scanning in 24 ms. Found 0 Redis repository interfaces.
    2025-12-31T15:42:36.055-05:00  INFO 23800 --- [wedge-authorization-server] [    Test worker] c.k.i.config.ClientRepositoryConfig      : Configuring PostgreSQL client storage
    2025-12-31T15:42:36.108-05:00  INFO 23800 --- [wedge-authorization-server] [    Test worker] c.k.i.config.ClientRepositoryConfig      : Created HikariCP DataSource: url=jdbc:postgresql://localhost:56733/test_oauth_clients?loggerLevel=OFF, schema=public, maxPool=10, minIdle=5
    2025-12-31T15:42:36.119-05:00  INFO 23800 --- [wedge-authorization-server] [    Test worker] com.zaxxer.hikari.HikariDataSource       : OAuthClientPool - Starting...
    2025-12-31T15:42:36.629-05:00  INFO 23800 --- [wedge-authorization-server] [    Test worker] com.zaxxer.hikari.pool.HikariPool        : OAuthClientPool - Added connection org.postgresql.jdbc.PgConnection@31786c4c
    2025-12-31T15:42:36.632-05:00  INFO 23800 --- [wedge-authorization-server] [    Test worker] com.zaxxer.hikari.HikariDataSource       : OAuthClientPool - Start completed.
    2025-12-31T15:42:37.179-05:00  INFO 23800 --- [wedge-authorization-server] [    Test worker] c.k.i.c.ClientDatabaseMigrationConfig    : Configuring Flyway migrations for postgresql client storage from classpath:db/migration/postgresql
    2025-12-31T15:42:37.654-05:00  INFO 23800 --- [wedge-authorization-server] [    Test worker] c.k.i.c.ClientDatabaseMigrationConfig    : Starting Flyway migration for OAuth client database
    2025-12-31T15:42:37.713-05:00  INFO 23800 --- [wedge-authorization-server] [    Test worker] org.flywaydb.core.FlywayExecutor         : Database: jdbc:postgresql://localhost:56733/test_oauth_clients?loggerLevel=OFF (PostgreSQL 16.11)
    2025-12-31T15:42:37.781-05:00  INFO 23800 --- [wedge-authorization-server] [    Test worker] o.f.c.i.s.JdbcTableSchemaHistory         : Schema history table "public"."flyway_schema_history" does not exist yet
    2025-12-31T15:42:37.788-05:00  INFO 23800 --- [wedge-authorization-server] [    Test worker] o.f.core.internal.command.DbValidate     : Successfully validated 1 migration (execution time 00:00.032s)
    2025-12-31T15:42:37.820-05:00  INFO 23800 --- [wedge-authorization-server] [    Test worker] o.f.c.i.s.JdbcTableSchemaHistory         : Creating Schema History table "public"."flyway_schema_history" ...
    2025-12-31T15:42:37.892-05:00  INFO 23800 --- [wedge-authorization-server] [    Test worker] o.f.core.internal.command.DbMigrate      : Current version of schema "public": << Empty Schema >>
    2025-12-31T15:42:37.908-05:00  INFO 23800 --- [wedge-authorization-server] [    Test worker] o.f.core.internal.command.DbMigrate      : Migrating schema "public" to version "1 - create oauth clients table"
    2025-12-31T15:42:37.980-05:00  INFO 23800 --- [wedge-authorization-server] [    Test worker] o.f.core.internal.command.DbMigrate      : Successfully applied 1 migration to schema "public", now at version v1 (execution time 00:00.039s)
    2025-12-31T15:42:37.992-05:00  INFO 23800 --- [wedge-authorization-server] [    Test worker] c.k.i.c.ClientDatabaseMigrationConfig    : Flyway migration completed successfully
    2025-12-31T15:42:38.002-05:00  INFO 23800 --- [wedge-authorization-server] [    Test worker] c.k.i.config.ClientRepositoryConfig      : Configuring database-backed client repository with storage type: postgresql
    2025-12-31T15:42:38.164-05:00  INFO 23800 --- [wedge-authorization-server] [    Test worker] c.k.i.a.DatabaseClientRepositoryAdapter  : Loaded 0 OAuth clients from database into cache
    2025-12-31T15:42:38.166-05:00  INFO 23800 --- [wedge-authorization-server] [    Test worker] c.k.i.config.ClientRepositoryConfig      : Configuring database-backed tenant repository with storage type: postgresql
    2025-12-31T15:42:38.176-05:00  INFO 23800 --- [wedge-authorization-server] [    Test worker] c.k.i.a.DatabaseTenantRepositoryAdapter  : Loaded 0 tenants from database into cache
    2025-12-31T15:42:39.975-05:00 DEBUG 23800 --- [wedge-authorization-server] [    Test worker] swordEncoderAuthenticationManagerBuilder : No authenticationProviders and no parentAuthenticationManager defined. Returning null.
    2025-12-31T15:42:40.325-05:00  INFO 23800 --- [wedge-authorization-server] [    Test worker] o.s.b.a.e.web.EndpointLinksResolver      : Exposing 12 endpoints beneath base path '/actuator'
    2025-12-31T15:42:40.360-05:00 DEBUG 23800 --- [wedge-authorization-server] [    Test worker] o.s.s.web.DefaultSecurityFilterChain     : Will secure any request with filters: DisableEncodeUrlFilter, WebAsyncManagerIntegrationFilter, SecurityContextHolderFilter, HeaderWriterFilter, CorsFilter, CsrfFilter, LogoutFilter, UsernamePasswordAuthenticationFilter, DefaultResourcesFilter, DefaultLoginPageGeneratingFilter, DefaultLogoutPageGeneratingFilter, BasicAuthenticationFilter, RequestCacheAwareFilter, SecurityContextHolderAwareRequestFilter, AnonymousAuthenticationFilter, ExceptionTranslationFilter, AuthorizationFilter
    2025-12-31T15:42:40.797-05:00  INFO 23800 --- [wedge-authorization-server] [    Test worker] .k.i.a.DatabaseClientRepositoryAdapterIT : Started DatabaseClientRepositoryAdapterIT in 8.612 seconds (process running for 16.568)

DatabaseClientRepositoryAdapterIT > shouldSaveAndRetrievePublicClient() STANDARD_ERROR
    Mockito is currently self-attaching to enable the inline-mock-maker. This will no longer work in future releases of the JDK. Please add Mockito as an agent to your build as described in Mockito's documentation: https://javadoc.io/doc/org.mockito/mockito-core/latest/org.mockito/org/mockito/Mockito.html#0.3
    WARNING: A Java agent has been loaded dynamically (C:\Users\ASUS\.gradle\caches\modules-2\files-2.1\net.bytebuddy\byte-buddy-agent\1.17.8\f09415827a71be7ed621c7bd02550678f28bc81c\byte-buddy-agent-1.17.8.jar)
    WARNING: If a serviceability tool is in use, please run with -XX:+EnableDynamicAgentLoading to hide this warning
    WARNING: If a serviceability tool is not in use, please run with -Djdk.instrument.traceUsage for more information
    WARNING: Dynamic loading of agents will be disallowed by default in a future release

./gradlew : OpenJDK 64-Bit Server VM warning: 
Sharing is only supported for boot loader 
classes because bootstrap classpath has been 
appended
En línea: 1 Carácter: 1
+ ./gradlew :infraestructure:test --tests 
"*DatabaseClientRepositoryAda ...
+ ~~~~~~~~~~~~~~~~~~~~~~~~~~~~~~~~~~~~~~~~~~~~~~~
~~~~~~~~~~~~~~~~~~~~~~
    + CategoryInfo          : NotSpecified: (Ope 
   nJDK 64-Bit ...s been appended:String) [], R  
  emoteException
    + FullyQualifiedErrorId : NativeCommandError
 
2025-12-31T15:42:43.148-05:00  INFO 23800 --- [wedge-authorization-server] [ionShutdownHook] com.zaxxer.hikari.HikariDataSource       : OAuthClientPool - Shutdown initiated...
2025-12-31T15:42:43.152-05:00  INFO 23800 --- [wedge-authorization-server] [ionShutdownHook] com.zaxxer.hikari.HikariDataSource       : OAuthClientPool - Shutdown completed.

> Task :infraestructure:test

DatabaseClientRepositoryAdapterIT > shouldSaveAndRetrievePublicClient() FAILED
    org.springframework.dao.DataIntegrityViolationException at DatabaseClientRepositoryAdapterIT.java:103
        Caused by: org.postgresql.util.PSQLException at DatabaseClientRepositoryAdapterIT.java:103

1 test completed, 1 failed

> Task :infraestructure:test FAILED

FAILURE: Build failed with an exception.

* What went wrong:
Execution failed for task 
':infraestructure:test'.
> There were failing tests. See the report at: fi
le:///C:/p-projects/wedge-authorization-server/in
fraestructure/build/reports/tests/test/index.html

* Try:
> Run with --scan to generate a Build Scan 
(powered by Develocity).

* Exception is:
org.gradle.api.tasks.TaskExecutionException: 
Execution failed for task 
':infraestructure:test'.
	at org.gradle.api.internal.tasks.execution.Execu
teActionsTaskExecuter.lambda$executeIfValid$1(Exe
cuteActionsTaskExecuter.java:135)
	at org.gradle.internal.Try$Failure.ifSuccessfulO
rElse(Try.java:288)
	at org.gradle.api.internal.tasks.execution.Execu
teActionsTaskExecuter.executeIfValid(ExecuteActio
nsTaskExecuter.java:133)
	at org.gradle.api.internal.tasks.execution.Execu
teActionsTaskExecuter.execute(ExecuteActionsTaskE
xecuter.java:121)
	at org.gradle.api.internal.tasks.execution.Probl
emsTaskPathTrackingTaskExecuter.execute(ProblemsT
askPathTrackingTaskExecuter.java:41)
	at org.gradle.api.internal.tasks.execution.Final
izePropertiesTaskExecuter.execute(FinalizePropert
iesTaskExecuter.java:46)
	at org.gradle.api.internal.tasks.execution.Resol
veTaskExecutionModeExecuter.execute(ResolveTaskEx
ecutionModeExecuter.java:51)
	at org.gradle.api.internal.tasks.execution.SkipT
askWithNoActionsExecuter.execute(SkipTaskWithNoAc
tionsExecuter.java:57)
	at org.gradle.api.internal.tasks.execution.SkipO
nlyIfTaskExecuter.execute(SkipOnlyIfTaskExecuter.
java:74)
	at org.gradle.api.internal.tasks.execution.Catch
ExceptionTaskExecuter.execute(CatchExceptionTaskE
xecuter.java:36)
	at org.gradle.api.internal.tasks.execution.Event
FiringTaskExecuter$1.executeTask(EventFiringTaskE
xecuter.java:77)
	at org.gradle.api.internal.tasks.execution.Event
FiringTaskExecuter$1.call(EventFiringTaskExecuter
.java:55)
	at org.gradle.api.internal.tasks.execution.Event
FiringTaskExecuter$1.call(EventFiringTaskExecuter
.java:52)
	at org.gradle.internal.operations.DefaultBuildOp
erationRunner$CallableBuildOperationWorker.execut
e(DefaultBuildOperationRunner.java:209)
	at org.gradle.internal.operations.DefaultBuildOp
erationRunner$CallableBuildOperationWorker.execut
e(DefaultBuildOperationRunner.java:204)
	at org.gradle.internal.operations.DefaultBuildOp
erationRunner$2.execute(DefaultBuildOperationRunn
er.java:66)
	at org.gradle.internal.operations.DefaultBuildOp
erationRunner$2.execute(DefaultBuildOperationRunn
er.java:59)
	at org.gradle.internal.operations.DefaultBuildOp
erationRunner.execute(DefaultBuildOperationRunner
.java:166)
	at org.gradle.internal.operations.DefaultBuildOp
erationRunner.execute(DefaultBuildOperationRunner
.java:59)
	at org.gradle.internal.operations.DefaultBuildOp
erationRunner.call(DefaultBuildOperationRunner.ja
va:53)
	at org.gradle.api.internal.tasks.execution.Event
FiringTaskExecuter.execute(EventFiringTaskExecute
r.java:52)
	at org.gradle.execution.plan.DefaultNodeExecutor
.executeLocalTaskNode(DefaultNodeExecutor.java:55
)
	at org.gradle.execution.plan.DefaultNodeExecutor
.execute(DefaultNodeExecutor.java:34)
	at org.gradle.execution.taskgraph.DefaultTaskExe
cutionGraph$InvokeNodeExecutorsAction.execute(Def
aultTaskExecutionGraph.java:355)
	at org.gradle.execution.taskgraph.DefaultTaskExe
cutionGraph$InvokeNodeExecutorsAction.execute(Def
aultTaskExecutionGraph.java:343)
	at org.gradle.execution.taskgraph.DefaultTaskExe
cutionGraph$BuildOperationAwareExecutionAction.la
mbda$execute$0(DefaultTaskExecutionGraph.java:339
)
	at org.gradle.internal.operations.CurrentBuildOp
erationRef.with(CurrentBuildOperationRef.java:84)
	at org.gradle.execution.taskgraph.DefaultTaskExe
cutionGraph$BuildOperationAwareExecutionAction.ex
ecute(DefaultTaskExecutionGraph.java:339)
	at org.gradle.execution.taskgraph.DefaultTaskExe
cutionGraph$BuildOperationAwareExecutionAction.ex
ecute(DefaultTaskExecutionGraph.java:328)
	at org.gradle.execution.plan.DefaultPlanExecutor
$ExecutorWorker.execute(DefaultPlanExecutor.java:
459)
	at org.gradle.execution.plan.DefaultPlanExecutor
$ExecutorWorker.run(DefaultPlanExecutor.java:376)
	at org.gradle.internal.concurrent.ExecutorPolicy
$CatchAndRecordFailures.onExecute(ExecutorPolicy.
java:64)
	at org.gradle.internal.concurrent.AbstractManage
dExecutor$1.run(AbstractManagedExecutor.java:47)
Caused by: org.gradle.api.internal.exceptions.Mar
kedVerificationException: There were failing 
tests. See the report at: file:///C:/p-projects/w
edge-authorization-server/infraestructure/build/r
eports/tests/test/index.html
	at org.gradle.api.tasks.testing.AbstractTestTask
.handleTestFailures(AbstractTestTask.java:703)
	at org.gradle.api.tasks.testing.AbstractTestTask
.handleCollectedResults(AbstractTestTask.java:535
)
	at org.gradle.api.tasks.testing.AbstractTestTask
.executeTests(AbstractTestTask.java:527)
	at org.gradle.api.tasks.testing.Test.executeTest
s(Test.java:714)
	at org.gradle.internal.reflect.JavaMethod.invoke
(JavaMethod.java:125)
	at org.gradle.api.internal.project.taskfactory.S
tandardTaskAction.doExecute(StandardTaskAction.ja
va:58)
	at org.gradle.api.internal.project.taskfactory.S
tandardTaskAction.execute(StandardTaskAction.java
:51)
	at org.gradle.api.internal.project.taskfactory.S
tandardTaskAction.execute(StandardTaskAction.java
:29)
	at org.gradle.api.internal.tasks.execution.TaskE
xecution$3.run(TaskExecution.java:252)
	at org.gradle.internal.operations.DefaultBuildOp
erationRunner$1.execute(DefaultBuildOperationRunn
er.java:29)
	at org.gradle.internal.operations.DefaultBuildOp
erationRunner$1.execute(DefaultBuildOperationRunn
er.java:26)
	at org.gradle.internal.operations.DefaultBuildOp
erationRunner$2.execute(DefaultBuildOperationRunn
er.java:66)
	at org.gradle.internal.operations.DefaultBuildOp
erationRunner$2.execute(DefaultBuildOperationRunn
er.java:59)
	at org.gradle.internal.operations.DefaultBuildOp
erationRunner.execute(DefaultBuildOperationRunner
.java:166)
	at org.gradle.internal.operations.DefaultBuildOp
erationRunner.execute(DefaultBuildOperationRunner
.java:59)
	at org.gradle.internal.operations.DefaultBuildOp
erationRunner.run(DefaultBuildOperationRunner.jav
a:47)
	at org.gradle.api.internal.tasks.execution.TaskE
xecution.executeAction(TaskExecution.java:237)
	at org.gradle.api.internal.tasks.execution.TaskE
xecution.executeActions(TaskExecution.java:220)
	at org.gradle.api.internal.tasks.execution.TaskE
xecution.executeWithPreviousOutputFiles(TaskExecu
tion.java:203)
	at org.gradle.api.internal.tasks.execution.TaskE
xecution.execute(TaskExecution.java:170)
	at org.gradle.internal.execution.steps.ExecuteSt
ep.executeInternal(ExecuteStep.java:105)
	at org.gradle.internal.execution.steps.ExecuteSt
ep.access$000(ExecuteStep.java:44)
	at org.gradle.internal.execution.steps.ExecuteSt
ep$1.call(ExecuteStep.java:59)
	at org.gradle.internal.execution.steps.ExecuteSt
ep$1.call(ExecuteStep.java:56)
	at org.gradle.internal.operations.DefaultBuildOp
erationRunner$CallableBuildOperationWorker.execut
e(DefaultBuildOperationRunner.java:209)
	at org.gradle.internal.operations.DefaultBuildOp
erationRunner$CallableBuildOperationWorker.execut
e(DefaultBuildOperationRunner.java:204)
	at org.gradle.internal.operations.DefaultBuildOp
erationRunner$2.execute(DefaultBuildOperationRunn
er.java:66)
	at org.gradle.internal.operations.DefaultBuildOp
erationRunner$2.execute(DefaultBuildOperationRunn
er.java:59)
	at org.gradle.internal.operations.DefaultBuildOp
erationRunner.execute(DefaultBuildOperationRunner
.java:166)
	at org.gradle.internal.operations.DefaultBuildOp
erationRunner.execute(DefaultBuildOperationRunner
.java:59)
	at org.gradle.internal.operations.DefaultBuildOp
erationRunner.call(DefaultBuildOperationRunner.ja
va:53)
	at org.gradle.internal.execution.steps.ExecuteSt
ep.execute(ExecuteStep.java:56)
	at org.gradle.internal.execution.steps.ExecuteSt
ep.execute(ExecuteStep.java:44)
	at org.gradle.internal.execution.steps.CancelExe
cutionStep.execute(CancelExecutionStep.java:42)
	at org.gradle.internal.execution.steps.TimeoutSt
ep.executeWithoutTimeout(TimeoutStep.java:75)
	at org.gradle.internal.execution.steps.TimeoutSt
ep.execute(TimeoutStep.java:55)
	at org.gradle.internal.execution.steps.PreCreate
OutputParentsStep.execute(PreCreateOutputParentsS
tep.java:50)
	at org.gradle.internal.execution.steps.PreCreate
OutputParentsStep.execute(PreCreateOutputParentsS
tep.java:28)
	at org.gradle.internal.execution.steps.RemovePre
viousOutputsStep.execute(RemovePreviousOutputsSte
p.java:68)
	at org.gradle.internal.execution.steps.RemovePre
viousOutputsStep.execute(RemovePreviousOutputsSte
p.java:38)
	at org.gradle.internal.execution.steps.Broadcast
ChangingOutputsStep.execute(BroadcastChangingOutp
utsStep.java:61)
	at org.gradle.internal.execution.steps.Broadcast
ChangingOutputsStep.execute(BroadcastChangingOutp
utsStep.java:26)
	at org.gradle.internal.execution.steps.CaptureOu
tputsAfterExecutionStep.execute(CaptureOutputsAft
erExecutionStep.java:69)
	at org.gradle.internal.execution.steps.CaptureOu
tputsAfterExecutionStep.execute(CaptureOutputsAft
erExecutionStep.java:46)
	at org.gradle.internal.execution.steps.ResolveIn
putChangesStep.execute(ResolveInputChangesStep.ja
va:39)
	at org.gradle.internal.execution.steps.ResolveIn
putChangesStep.execute(ResolveInputChangesStep.ja
va:28)
	at org.gradle.internal.execution.steps.BuildCach
eStep.executeWithoutCache(BuildCacheStep.java:189
)
	at org.gradle.internal.execution.steps.BuildCach
eStep.lambda$execute$1(BuildCacheStep.java:75)
	at org.gradle.internal.Either$Right.fold(Either.
java:176)
	at org.gradle.internal.execution.caching.Caching
State.fold(CachingState.java:62)
	at org.gradle.internal.execution.steps.BuildCach
eStep.execute(BuildCacheStep.java:73)
	at org.gradle.internal.execution.steps.BuildCach
eStep.execute(BuildCacheStep.java:48)
	at org.gradle.internal.execution.steps.StoreExec
utionStateStep.execute(StoreExecutionStateStep.ja
va:46)
	at org.gradle.internal.execution.steps.StoreExec
utionStateStep.execute(StoreExecutionStateStep.ja
va:35)
	at org.gradle.internal.execution.steps.SkipUpToD
ateStep.executeBecause(SkipUpToDateStep.java:75)
	at org.gradle.internal.execution.steps.SkipUpToD
ateStep.lambda$execute$2(SkipUpToDateStep.java:53
)
	at org.gradle.internal.execution.steps.SkipUpToD
ateStep.execute(SkipUpToDateStep.java:53)
	at org.gradle.internal.execution.steps.SkipUpToD
ateStep.execute(SkipUpToDateStep.java:35)
	at org.gradle.internal.execution.steps.legacy.Ma
rkSnapshottingInputsFinishedStep.execute(MarkSnap
shottingInputsFinishedStep.java:37)
	at org.gradle.internal.execution.steps.legacy.Ma
rkSnapshottingInputsFinishedStep.execute(MarkSnap
shottingInputsFinishedStep.java:27)
	at org.gradle.internal.execution.steps.ResolveIn
crementalCachingStateStep.executeDelegate(Resolve
IncrementalCachingStateStep.java:49)
	at org.gradle.internal.execution.steps.ResolveIn
crementalCachingStateStep.executeDelegate(Resolve
IncrementalCachingStateStep.java:27)
	at org.gradle.internal.execution.steps.AbstractR
esolveCachingStateStep.execute(AbstractResolveCac
hingStateStep.java:71)
	at org.gradle.internal.execution.steps.AbstractR
esolveCachingStateStep.execute(AbstractResolveCac
hingStateStep.java:39)
	at org.gradle.internal.execution.steps.ResolveCh
angesStep.execute(ResolveChangesStep.java:64)
	at org.gradle.internal.execution.steps.ResolveCh
angesStep.execute(ResolveChangesStep.java:35)
	at org.gradle.internal.execution.steps.ValidateS
tep.execute(ValidateStep.java:62)
	at org.gradle.internal.execution.steps.ValidateS
tep.execute(ValidateStep.java:40)
	at org.gradle.internal.execution.steps.AbstractC
aptureStateBeforeExecutionStep.execute(AbstractCa
ptureStateBeforeExecutionStep.java:76)
	at org.gradle.internal.execution.steps.AbstractC
aptureStateBeforeExecutionStep.execute(AbstractCa
ptureStateBeforeExecutionStep.java:45)
	at org.gradle.internal.execution.steps.AbstractS
kipEmptyWorkStep.executeWithNonEmptySources(Abstr
actSkipEmptyWorkStep.java:136)
	at org.gradle.internal.execution.steps.AbstractS
kipEmptyWorkStep.execute(AbstractSkipEmptyWorkSte
p.java:66)
	at org.gradle.internal.execution.steps.AbstractS
kipEmptyWorkStep.execute(AbstractSkipEmptyWorkSte
p.java:38)
	at org.gradle.internal.execution.steps.legacy.Ma
rkSnapshottingInputsStartedStep.execute(MarkSnaps
hottingInputsStartedStep.java:38)
	at org.gradle.internal.execution.steps.LoadPrevi
ousExecutionStateStep.execute(LoadPreviousExecuti
onStateStep.java:36)
	at org.gradle.internal.execution.steps.LoadPrevi
ousExecutionStateStep.execute(LoadPreviousExecuti
onStateStep.java:23)
	at org.gradle.internal.execution.steps.HandleSta
leOutputsStep.execute(HandleStaleOutputsStep.java
:75)
	at org.gradle.internal.execution.steps.HandleSta
leOutputsStep.execute(HandleStaleOutputsStep.java
:41)
	at org.gradle.internal.execution.steps.AssignMut
ableWorkspaceStep.lambda$execute$0(AssignMutableW
orkspaceStep.java:35)
	at org.gradle.api.internal.tasks.execution.TaskE
xecution$4.withWorkspace(TaskExecution.java:297)
	at org.gradle.internal.execution.steps.AssignMut
ableWorkspaceStep.execute(AssignMutableWorkspaceS
tep.java:31)
	at org.gradle.internal.execution.steps.AssignMut
ableWorkspaceStep.execute(AssignMutableWorkspaceS
tep.java:22)
	at org.gradle.internal.execution.steps.ChoosePip
elineStep.execute(ChoosePipelineStep.java:40)
	at org.gradle.internal.execution.steps.ChoosePip
elineStep.execute(ChoosePipelineStep.java:23)
	at org.gradle.internal.execution.steps.ExecuteWo
rkBuildOperationFiringStep.lambda$execute$2(Execu
teWorkBuildOperationFiringStep.java:67)
	at org.gradle.internal.execution.steps.ExecuteWo
rkBuildOperationFiringStep.execute(ExecuteWorkBui
ldOperationFiringStep.java:67)
	at org.gradle.internal.execution.steps.ExecuteWo
rkBuildOperationFiringStep.execute(ExecuteWorkBui
ldOperationFiringStep.java:39)
	at org.gradle.internal.execution.steps.IdentityC
acheStep.execute(IdentityCacheStep.java:46)
	at org.gradle.internal.execution.steps.IdentityC
acheStep.execute(IdentityCacheStep.java:34)
	at org.gradle.internal.execution.steps.IdentifyS
tep.execute(IdentifyStep.java:44)
	at org.gradle.internal.execution.steps.IdentifyS
tep.execute(IdentifyStep.java:31)
	at org.gradle.internal.execution.impl.DefaultExe
cutionEngine$1.execute(DefaultExecutionEngine.jav
a:64)
	at org.gradle.api.internal.tasks.execution.Execu
teActionsTaskExecuter.executeIfValid(ExecuteActio
nsTaskExecuter.java:132)
	... 30 more


BUILD FAILED in 31s
8 actionable tasks: 1 executed, 7 up-to-date
